2026-01-21 15:41:01|   0.0|  0.0|INFORM|Current FME version: FME 2025.2.0.0 (20251120 - Build 25810 - WIN64)
2026-01-21 15:41:01|   0.0|  0.0|INFORM|System Time: 20260121144102 UTC
2026-01-21 15:41:01|   0.0|  0.0|INFORM|FME_HOME is 'C:\Program Files\FME\'
2026-01-21 15:41:01|   0.0|  0.0|INFORM|FME license: FME Student Edition (node locked-crc)
2026-01-21 15:41:01|   0.0|  0.0|INFORM|Serial Number: DUM7CF3TY9HXPAL209LQ
2026-01-21 15:41:01|   0.0|  0.0|INFORM|Machine host name is: JanMika
2026-01-21 15:41:01|   0.0|  0.0|INFORM|OS Locale Name     : pl_PL
2026-01-21 15:41:01|   0.0|  0.0|INFORM|OS Locale Encoding : windows-1250
2026-01-21 15:41:01|   0.0|  0.0|INFORM|Process Encoding   : UTF-8
2026-01-21 15:41:01|   0.0|  0.0|INFORM|FME API version: '4.0 20250912'
2026-01-21 15:41:01|   0.0|  0.0|INFORM|FME Configuration: FME_BASE is 'no'
2026-01-21 15:41:01|   0.0|  0.0|INFORM|FME Configuration: FME_MF_DIR is 'C:\Users\janmi\Desktop\Ćwiczenia12\FME/'
2026-01-21 15:41:01|   0.0|  0.0|INFORM|FME Configuration: FME_MF_NAME is 'Zadanie12.fmw'
2026-01-21 15:41:01|   0.0|  0.0|INFORM|FME Configuration: FME_PRODUCT_NAME is 'FME(R) 2025.2.0.0'
2026-01-21 15:41:01|   0.0|  0.0|INFORM|Operating System: Microsoft Windows 11 64-bit  (Build 26100)
2026-01-21 15:41:01|   0.0|  0.0|INFORM|FME Platform: WIN64
2026-01-21 15:41:01|   0.0|  0.0|INFORM|System Status: 336.56 GB of disk space available in the FME temporary folder (C:\Users\janmi\AppData\Local\Temp\wbrun_1768999868624_54204\fmetmp_59)
2026-01-21 15:41:01|   0.0|  0.0|INFORM|System Status: 31.63 GB of physical memory available
2026-01-21 15:41:01|   0.0|  0.0|INFORM|System Status: 126.51 GB of virtual memory available
2026-01-21 15:41:01|   0.0|  0.0|INFORM|START - ProcessID: 53720, peak process memory usage: 64508 kB, current process memory usage: 48904 kB
2026-01-21 15:41:01|   0.0|  0.0|INFORM|FME Configuration: Command line arguments are `C:\Program Files\FME\fme.exe' `C:\Users\janmi\Desktop\Ćwiczenia12\FME\wb-xlate-1769006460567_54204' `--FME_LAUNCH_VIEWER_APP' `WORKBENCH' `LOG_STANDARDOUT' `YES' `LOG_TIMINGS' `YES' `LogCountServerName' `51949' `LOG_STANDARDOUT' `No' `WORKBENCH_LOG_SERVER' `61973'
2026-01-21 15:41:01|   0.0|  0.0|INFORM|FME Configuration: Connection Storage: 'C:\Users\janmi\AppData\Roaming\Safe Software\FME\'
2026-01-21 15:41:01|   0.1|  0.1|INFORM|Shared folders for formats are : C:\Program Files\FME\datasources;C:\Users\janmi\Documents\FME\Formats
2026-01-21 15:41:01|   0.1|  0.0|INFORM|Shared folders for transformers are : C:\Users\janmi\AppData\Roaming\Safe Software\FME\Packages\25810-win64\transformers;C:\Program Files\FME\transformers;C:\Users\janmi\AppData\Roaming\Safe Software\FME\FME Store\Transformers
2026-01-21 15:41:01|   0.1|  0.0|INFORM|Shared folders for coordinate systems are : C:\Users\janmi\Documents\FME\CoordinateSystems
2026-01-21 15:41:01|   0.1|  0.0|INFORM|Shared folders for coordinate system exceptions are : C:\Users\janmi\Documents\FME\CoordinateSystemExceptions
2026-01-21 15:41:01|   0.1|  0.0|INFORM|Shared folders for coordinate system grid overrides are : C:\Users\janmi\Documents\FME\CoordinateSystemGridOverrides
2026-01-21 15:41:01|   0.1|  0.0|INFORM|Shared folders for CS-MAP transformation exceptions are : C:\Users\janmi\Documents\FME\CsmapTransformationExceptions
2026-01-21 15:41:01|   0.1|  0.0|INFORM|Shared folders for transformer categories are : C:\Users\janmi\Documents\FME\TransformerCategories
2026-01-21 15:41:01|   0.1|  0.0|INFORM|FME Configuration: No destination coordinate system set
2026-01-21 15:41:01|   0.1|  0.0|INFORM|FME Configuration: Current working folder is `C:\Users\janmi\Desktop\Ćwiczenia12\FME'
2026-01-21 15:41:01|   0.1|  0.0|INFORM|FME Configuration: Temporary folder is `C:\Users\janmi\AppData\Local\Temp\wbrun_1768999868624_54204\fmetmp_59', set from environment variable `FME_TEMP'
2026-01-21 15:41:01|   0.1|  0.0|INFORM|FME Configuration: Cache folder is 'C:\Users\janmi\AppData\Local\Temp'
2026-01-21 15:41:01|   0.1|  0.0|INFORM|FME Configuration: FME_HOME is `C:\Program Files\FME\'
2026-01-21 15:41:01|   0.1|  0.0|INFORM|FME Configuration: Start freeing memory when the process exceeds 94.88 GB
2026-01-21 15:41:01|   0.1|  0.0|INFORM|FME Configuration: Stop freeing memory when the process is below 71.16 GB
2026-01-21 15:41:01|   0.1|  0.0|INFORM|Creating writer for format: 
2026-01-21 15:41:01|   0.2|  0.1|INFORM|Creating reader for format: 
2026-01-21 15:41:01|   0.2|  0.0|INFORM|MULTI_READER(MULTI_READER): Will fail with first member reader failure
2026-01-21 15:41:01|   0.2|  0.0|INFORM|Using Multi Reader with keyword `MULTI_READER' to read multiple datasets
2026-01-21 15:41:01|   0.2|  0.0|INFORM|Using MultiWriter with keyword `PRIMARY_DEST' to output data (ID_ATTRIBUTE is `multi_writer_id')
2026-01-21 15:41:01|   0.2|  0.0|INFORM|Writer output will be ordered by value of multi_writer_id
2026-01-21 15:41:01|   0.2|  0.0|INFORM|StatisticsCalculator_2 (StatisticsCalculatorFactory): The following statistics will be calculated 'id.total_count,LAT.min,LAT.max,LAT.mean,LON.min,LON.max,LON.mean'
2026-01-21 15:41:01|   0.2|  0.0|INFORM|StatisticsCalculator (StatisticsCalculatorFactory): The following statistics will be calculated 'id.total_count,LAT.min,LAT.max,LAT.mean,LON.min,LON.max,LON.mean'
2026-01-21 15:41:01|   0.2|  0.0|INFORM|Emptying factory pipeline
2026-01-21 15:41:01|   0.2|  0.0|STATS |Router and Unexpected Input Remover (RoutingFactory): Tested 0 input feature(s), wrote 0 output feature(s): 0 matched merge filters, 0 were routed to output, 0 could not be routed.
2026-01-21 15:41:01|   0.2|  0.0|STATS |Unwanted Router Input Nuker (TeeFactory): Cloned 0 input feature(s) into 0 output feature(s)
2026-01-21 15:41:01|   0.2|  0.0|STATS |T2019_KAR_POI_TABLE_SHAPEFILE_1 Splitter (TeeFactory): Cloned 0 input feature(s) into 0 output feature(s)
2026-01-21 15:41:01|   0.2|  0.0|STATS |T2019_KAR_STREET_NODE_SHAPEFILE_3 Splitter (TeeFactory): Cloned 0 input feature(s) into 0 output feature(s)
2026-01-21 15:41:01|   0.2|  0.0|STATS |CSV_CSV2_1 Splitter (TeeFactory): Cloned 0 input feature(s) into 0 output feature(s)
2026-01-21 15:41:01|   0.2|  0.0|STATS |T2019_KAR_STREETS_SHAPEFILE_2 Splitter (TeeFactory): Cloned 0 input feature(s) into 0 output feature(s)
2026-01-21 15:41:02|   0.4|  0.2|STATS |Restoring 1 feature(s) from FME feature store file `C:\Users\janmi\AppData\Local\Temp\wb-cache--GqimyM\Main_NetworkTopologyCalculator -1 16 fo 0 NETWORK  0  c1b2bc60122ea0d26db15e06cd0b9aa2898ade3f.ffs'
2026-01-21 15:41:02|   0.4|  0.0|STATS |Restoring 1 feature(s) from FME feature store file `C:\Users\janmi\AppData\Local\Temp\wb-cache--GqimyM\Main_Reprojector_2 -1 22 fo 0 REPROJECTED  0  20e79eafee8647228da76bde934cecb03beb025d.ffs'
2026-01-21 15:41:02|   0.5|  0.1|INFORM|no_cost (NetworkFactory): Beginning snapping process in the NetworkFactory
2026-01-21 15:41:02|   0.5|  0.0|INFORM|no_cost (NetworkFactory): Completed snapping process in the NetworkFactory
2026-01-21 15:41:02|   0.7|  0.2|STATS |Restoring 1 feature(s) from FME feature store file `C:\Users\janmi\AppData\Local\Temp\wb-cache--GqimyM\Main_Reprojector_4 -1 45 fo 0 REPROJECTED  0  cf431aeb8fa96ead0edde582f629b10cb3049bfc.ffs'
2026-01-21 15:41:02|   0.7|  0.0|STATS |Restoring 1 feature(s) from FME feature store file `C:\Users\janmi\AppData\Local\Temp\wb-cache--GqimyM\Main_AttributeCreator -1 26 fo 0 OUTPUT  0  8fa29b3c12e9f31dcb88b85b93041fc940c51b49.ffs'
2026-01-21 15:41:02|   0.7|  0.0|STATS |Restoring 1 feature(s) from FME feature store file `C:\Users\janmi\AppData\Local\Temp\wb-cache--GqimyM\Main_AttributeCreator_2 -1 28 fo 0 OUTPUT  0  3881eb6360fcfefd3d01cb6a1b2dddb692a63e3c.ffs'
2026-01-21 15:41:02|   0.8|  0.1|STATS |Restoring 1 feature(s) from FME feature store file `C:\Users\janmi\AppData\Local\Temp\wb-cache--GqimyM\Main_Reprojector_2 -1 22 fo 0 REPROJECTED  0  20e79eafee8647228da76bde934cecb03beb025d.ffs'
2026-01-21 15:41:02|   1.0|  0.2|STATS |Restoring 1 feature(s) from FME feature store file `C:\Users\janmi\AppData\Local\Temp\wb-cache--GqimyM\Main_Reprojector_4 -1 45 fo 0 REPROJECTED  0  cf431aeb8fa96ead0edde582f629b10cb3049bfc.ffs'
2026-01-21 15:41:02|   1.0|  0.0|STATS |Restoring 1 feature(s) from FME feature store file `C:\Users\janmi\AppData\Local\Temp\wb-cache--GqimyM\Main_Reprojector_3 -1 40 fo 0 REPROJECTED  0  ddbdf987280daccb94045af95e5f91494b90db28.ffs'
2026-01-21 15:41:03|   1.7|  0.7|STATS |Restoring 1 feature(s) from FME feature store file `C:\Users\janmi\AppData\Local\Temp\wb-cache--GqimyM\Main_Reprojector_3 -1 40 fo 0 REPROJECTED  0  ddbdf987280daccb94045af95e5f91494b90db28.ffs'
2026-01-21 15:41:03|   1.7|  0.0|INFORM|FFS writer: Writing 22003 feature(s) to file 'C:\Users\janmi\AppData\Local\Temp\wb-cache--GqimyM\Main_no_cost -1 10 fo 2 UNUSED  0  d3a78d7a4650c77538bd316d962a2af8bf1078f8.fts'
2026-01-21 15:41:03|   1.7|  0.0|INFORM|Spatial Index: Adding 22003 features
2026-01-21 15:41:03|   1.8|  0.1|STATS |no_cost PATH Splitter (TeeFactory): Cloned 1 input feature(s) into 3 output feature(s)
2026-01-21 15:41:03|   2.1|  0.3|INFORM|FFS writer: Writing 66165 feature(s) to file 'C:\Users\janmi\AppData\Local\Temp\wb-cache--GqimyM\Main_SpatialFilter_3 -1 47 fo 1 FAILED  0  85c49ec40075a813a1054eb6903c17cd2d4a64f2.fts'
2026-01-21 15:41:04|   2.3|  0.2|INFORM|Spatial Index: Adding 66165 features
2026-01-21 15:41:04|   2.4|  0.1|INFORM|SpatialFilter_3_PASSED Feature Recorder -1 2147614767 (DataCacheFactory): Splitting bulk features into individual features
2026-01-21 15:41:04|   2.5|  0.1|STATS |SpatialFilter_3 (SpatialFilterFactory): Total: Processed 66405 input feature(s): 1 'Filter' feature(s) and 66404 'Candidate' feature(s). 239 feature(s) PASSED
2026-01-21 15:41:04|   2.7|  0.2|INFORM|StatisticsCalculator_2 (StatisticsCalculatorFactory): Processing complete
2026-01-21 15:41:04|   2.7|  0.0|STATS |LengthCalculator_2_LengthCalculator (ExecuteFunctionFactory): Executed FME Functions on 1 input feature(s) -- 1 feature(s) completed and 0 feature(s) rejected
2026-01-21 15:41:04|   2.7|  0.0|INFORM|cost (NetworkFactory): Beginning snapping process in the NetworkFactory
2026-01-21 15:41:04|   2.7|  0.0|INFORM|cost (NetworkFactory): Completed snapping process in the NetworkFactory
2026-01-21 15:41:05|   3.1|  0.4|INFORM|FFS writer: Writing 19762 feature(s) to file 'C:\Users\janmi\AppData\Local\Temp\wb-cache--GqimyM\Main_cost -1 30 fo 2 UNUSED  0  21e316c3268c305f279950795acd118f0fc1ab53.fts'
2026-01-21 15:41:05|   3.2|  0.1|INFORM|Spatial Index: Adding 19762 features
2026-01-21 15:41:05|   3.2|  0.0|INFORM|FFS writer: Writing 2255 feature(s) to file 'C:\Users\janmi\AppData\Local\Temp\wb-cache--GqimyM\Main_cost -1 30 fo 2 UNUSED  0  21e316c3268c305f279950795acd118f0fc1ab53_1.fts'
2026-01-21 15:41:05|   3.2|  0.0|INFORM|Spatial Index: Adding 2255 features
2026-01-21 15:41:05|   3.3|  0.1|STATS |cost PATH Splitter (TeeFactory): Cloned 1 input feature(s) into 3 output feature(s)
2026-01-21 15:41:05|   3.7|  0.4|INFORM|FFS writer: Writing 66179 feature(s) to file 'C:\Users\janmi\AppData\Local\Temp\wb-cache--GqimyM\Main_SpatialFilter_2 -1 42 fo 1 FAILED  0  edcee5d8000bd1f74604ecf4abbbecb1335859e2.fts'
2026-01-21 15:41:05|   3.9|  0.2|INFORM|Spatial Index: Adding 66179 features
2026-01-21 15:41:05|   4.0|  0.1|INFORM|SpatialFilter_2_PASSED Feature Recorder -1 2147614762 (DataCacheFactory): Splitting bulk features into individual features
2026-01-21 15:41:06|   4.1|  0.1|STATS |SpatialFilter_2 (SpatialFilterFactory): Total: Processed 66405 input feature(s): 1 'Filter' feature(s) and 66404 'Candidate' feature(s). 225 feature(s) PASSED
2026-01-21 15:41:06|   4.1|  0.0|INFORM|StatisticsCalculator (StatisticsCalculatorFactory): Processing complete
2026-01-21 15:41:06|   4.1|  0.0|STATS |LengthCalculator_LengthCalculator (ExecuteFunctionFactory): Executed FME Functions on 1 input feature(s) -- 1 feature(s) completed and 0 feature(s) rejected
2026-01-21 15:41:06|   4.3|  0.2|INFORM|FFS writer: Writing 3551 feature(s) to file 'C:\Users\janmi\AppData\Local\Temp\wb-cache--GqimyM\Main_SpatialFilter -1 37 fo 1 FAILED  0  074e4cecc02757d708b60fd57b03318c8d19632f.fts'
2026-01-21 15:41:06|   4.3|  0.0|INFORM|Spatial Index: Adding 3551 features
2026-01-21 15:41:06|   4.3|  0.0|INFORM|SpatialFilter_PASSED Feature Recorder -1 2147614757 (DataCacheFactory): Splitting bulk features into individual features
2026-01-21 15:41:06|   4.4|  0.1|STATS |SpatialFilter (SpatialFilterFactory): Total: Processed 3623 input feature(s): 1 'Filter' feature(s) and 3622 'Candidate' feature(s). 71 feature(s) PASSED
2026-01-21 15:41:06|   4.4|  0.0|INFORM|FFS writer: Writing 3583 feature(s) to file 'C:\Users\janmi\AppData\Local\Temp\wb-cache--GqimyM\Main_SpatialFilter_4 -1 52 fo 1 FAILED  0  de94275f0ec778ffd36755038e5269a0b84fa9a5.fts'
2026-01-21 15:41:06|   4.4|  0.0|INFORM|Spatial Index: Adding 3583 features
2026-01-21 15:41:06|   4.4|  0.0|INFORM|SpatialFilter_4_PASSED Feature Recorder -1 2147614772 (DataCacheFactory): Splitting bulk features into individual features
2026-01-21 15:41:06|   4.6|  0.2|INFORM|Creating writer for format: GeoJSON (Geographic JavaScript Object Notation)
2026-01-21 15:41:06|   4.6|  0.0|INFORM|Trying to find a DYNAMIC plugin for writer named `GEOJSON'
2026-01-21 15:41:06|   4.6|  0.0|INFORM|FME Configuration: No destination coordinate system set
2026-01-21 15:41:06|   4.6|  0.0|INFORM|Writer `GEOJSON_1' of type `GEOJSON' using group definition keyword `GEOJSON_1_DEF'
2026-01-21 15:41:06|   4.7|  0.1|INFORM|GeoJSON Writer: All features not in WGS84 will be reprojected to WGS84
2026-01-21 15:41:06|   4.7|  0.0|INFORM|GEOJSON Writer: Opening the GEOJSON writer with destination dataset 'C:\Users\janmi\Desktop\Ćwiczenia12\FME/poi_no_cost.geojson'
2026-01-21 15:41:06|   4.7|  0.0|INFORM|FME Configuration: Destination coordinate system set to input coordinate system `DHDN.Berlin/Cassini'
2026-01-21 15:41:07|   5.2|  0.5|INFORM|FME Configuration: Using FME Reprojection Engine
2026-01-21 15:41:07|   5.2|  0.0|INFORM|CS-MAP Reprojector: Transformation will be automatically selected for 'DHDN.Berlin/Cassini' -> 'LL84', and is not guaranteed to remain the same in future releases of FME
2026-01-21 15:41:07|   5.2|  0.0|INFORM|Reprojector: Using transformation `DHDN_to_ETRS89/01_8_ntv2_BeTA2007_FME,Forward(Grid File Interpolation,EPSG:15948)' when reprojecting from DHDN.Berlin/Cassini to LL84
2026-01-21 15:41:07|   5.2|  0.0|INFORM|Reprojector:`DHDN_to_ETRS89/01_8_ntv2_BeTA2007_FME,Forward(Grid File Interpolation,EPSG:15948)' will use the following grid shift files:
2026-01-21 15:41:07|   5.2|  0.0|INFORM|Reprojector:     C:\Program Files\FME\Reproject\EsriPEGridData\ntv2\germany\BeTA2007.gsb
2026-01-21 15:41:07|   5.2|  0.0|INFORM|Reprojector: If a point is outside the usable range of 'DHDN_to_ETRS89/01_8_ntv2_BeTA2007_FME' the following fallback transformation will be used: 'DHDN_to_WGS84,Forward(Seven Parameter,EPSG:1673)'
2026-01-21 15:41:07|   5.2|  0.0|INFORM|Reprojector: Using transformation `ETRS89/01_to_WGS84,Forward(Geocentric)' when reprojecting from DHDN.Berlin/Cassini to LL84
2026-01-21 15:41:07|   5.2|  0.0|STATS |SpatialFilter_4 (SpatialFilterFactory): Total: Processed 3623 input feature(s): 1 'Filter' feature(s) and 3622 'Candidate' feature(s). 39 feature(s) PASSED
2026-01-21 15:41:07|   5.2|  0.0|STATS |Destination Feature Type Routing Correlator (RoutingFactory): Tested 114 input feature(s), wrote 114 output feature(s): 0 matched merge filters, 114 were routed to output, 0 could not be routed.
2026-01-21 15:41:07|   5.2|  0.0|STATS |Final Output Nuker (TeeFactory): Cloned 0 input feature(s) into 0 output feature(s)
2026-01-21 15:41:08|   6.2|  1.0|INFORM|Closing the GEOJSON writer
2026-01-21 15:41:08|   6.2|  0.0|INFORM|=-=-=-=-=-=-=-=-=-=-=-=-=-=-=-=-=-=-=-=-=-=-=-=-=-=-=-=-=-=-=-=-=-=-=-=-=-=-=-
2026-01-21 15:41:08|   6.2|  0.0|INFORM|Feature output statistics for `GEOJSON' writer using keyword `GEOJSON_1':
2026-01-21 15:41:08|   6.2|  0.0|STATS |=-=-=-=-=-=-=-=-=-=-=-=-=-=-=-=-=-=-=-=-=-=-=-=-=-=-=-=-=-=-=-=-=-=-=-=-=-=-=-
2026-01-21 15:41:08|   6.2|  0.0|STATS |                           Features Written Summary
2026-01-21 15:41:08|   6.2|  0.0|STATS |=-=-=-=-=-=-=-=-=-=-=-=-=-=-=-=-=-=-=-=-=-=-=-=-=-=-=-=-=-=-=-=-=-=-=-=-=-=-=-
2026-01-21 15:41:08|   6.2|  0.0|STATS |poi_no_cost                                                                 39
2026-01-21 15:41:08|   6.2|  0.0|STATS |==============================================================================
2026-01-21 15:41:08|   6.2|  0.0|STATS |Total Features Written                                                      39
2026-01-21 15:41:08|   6.2|  0.0|STATS |=-=-=-=-=-=-=-=-=-=-=-=-=-=-=-=-=-=-=-=-=-=-=-=-=-=-=-=-=-=-=-=-=-=-=-=-=-=-=-
2026-01-21 15:41:08|   6.2|  0.0|INFORM|MULTI_WRITER: multi_writer_id `1': Started outputting features
2026-01-21 15:41:08|   6.2|  0.0|INFORM|Creating writer for format: GeoJSON (Geographic JavaScript Object Notation)
2026-01-21 15:41:08|   6.2|  0.0|INFORM|Trying to find a DYNAMIC plugin for writer named `GEOJSON'
2026-01-21 15:41:08|   6.2|  0.0|INFORM|FME Configuration: No destination coordinate system set
2026-01-21 15:41:08|   6.2|  0.0|INFORM|Writer `GEOJSON_2' of type `GEOJSON' using group definition keyword `GEOJSON_2_DEF'
2026-01-21 15:41:08|   6.2|  0.0|INFORM|GeoJSON Writer: All features not in WGS84 will be reprojected to WGS84
2026-01-21 15:41:08|   6.2|  0.0|INFORM|GEOJSON Writer: Opening the GEOJSON writer with destination dataset 'C:\Users\janmi\Desktop\Ćwiczenia12\FME/poi_cost.geojson'
2026-01-21 15:41:08|   6.2|  0.0|INFORM|FME Configuration: Destination coordinate system set to input coordinate system `DHDN.Berlin/Cassini'
2026-01-21 15:41:08|   6.3|  0.1|INFORM|Closing the GEOJSON writer
2026-01-21 15:41:08|   6.3|  0.0|INFORM|=-=-=-=-=-=-=-=-=-=-=-=-=-=-=-=-=-=-=-=-=-=-=-=-=-=-=-=-=-=-=-=-=-=-=-=-=-=-=-
2026-01-21 15:41:08|   6.3|  0.0|INFORM|Feature output statistics for `GEOJSON' writer using keyword `GEOJSON_2':
2026-01-21 15:41:08|   6.3|  0.0|STATS |=-=-=-=-=-=-=-=-=-=-=-=-=-=-=-=-=-=-=-=-=-=-=-=-=-=-=-=-=-=-=-=-=-=-=-=-=-=-=-
2026-01-21 15:41:08|   6.3|  0.0|STATS |                           Features Written Summary
2026-01-21 15:41:08|   6.3|  0.0|STATS |=-=-=-=-=-=-=-=-=-=-=-=-=-=-=-=-=-=-=-=-=-=-=-=-=-=-=-=-=-=-=-=-=-=-=-=-=-=-=-
2026-01-21 15:41:08|   6.3|  0.0|STATS |poi_cost                                                                    71
2026-01-21 15:41:08|   6.3|  0.0|STATS |==============================================================================
2026-01-21 15:41:08|   6.3|  0.0|STATS |Total Features Written                                                      71
2026-01-21 15:41:08|   6.3|  0.0|STATS |=-=-=-=-=-=-=-=-=-=-=-=-=-=-=-=-=-=-=-=-=-=-=-=-=-=-=-=-=-=-=-=-=-=-=-=-=-=-=-
2026-01-21 15:41:08|   6.3|  0.0|INFORM|MULTI_WRITER: multi_writer_id `1': done writing 71 feature(s) 
2026-01-21 15:41:08|   6.3|  0.0|INFORM|^^^^^^^^^^^^^^^^^^^^^^^^^^^^^^^^^^^^^^^^^^^^^^^^^^^^^^^^^^^^^^^^^^^^^^^^^^^^^^
2026-01-21 15:41:08|   6.3|  0.0|INFORM|MULTI_WRITER: multi_writer_id `2': Started outputting features
2026-01-21 15:41:09|   6.8|  0.5|INFORM|Creating writer for format: Esri Geodatabase (File Geodb)
2026-01-21 15:41:09|   7.0|  0.2|INFORM|Trying to find a DYNAMIC plugin for writer named `GEODATABASE_FILE'
2026-01-21 15:41:10|   7.0|  0.0|INFORM|FME Configuration: No destination coordinate system set
2026-01-21 15:41:10|   7.0|  0.0|INFORM|Writer `GEODATABASE_FILE_1' of type `GEODATABASE_FILE' using group definition keyword `GEODATABASE_FILE_1_DEF'
2026-01-21 15:41:17|   9.0|  2.0|INFORM|The ArcObjects license 'Advanced' is being selected from the ESRILicenseInfo ArcObjects call
2026-01-21 15:41:21|  10.2|  1.2|INFORM|FME has checked out an Esri license. The product checked out is 'Advanced'
2026-01-21 15:41:21|  10.2|  0.0|INFORM|Installed ArcGIS version is '3.3.0'
2026-01-21 15:41:24|  10.9|  0.7|INFORM|Created and connected to the ArcGIS 10.0 File Geodatabase at 'route_with_cost_stats.gdb'
2026-01-21 15:41:24|  10.9|  0.0|INFORM|Fast deletes enabled
2026-01-21 15:41:24|  10.9|  0.0|INFORM|The 'HAS_Z_VALUES' keyword is set to 'AUTO_DETECT'. With the exception of MultiPatch feature classes, the dimensionality of new feature classes will be based on the first feature written to the feature class. (Features with no geometry are considered 2D)
2026-01-21 15:41:24|  10.9|  0.0|INFORM|A default z-value of '0' will be used for all 3D features where z-values are not provided
2026-01-21 15:41:24|  10.9|  0.0|INFORM|Esri Geodatabase Writer: Not simplifying geometries being written
2026-01-21 15:41:24|  10.9|  0.0|INFORM|Transactions are being used by the Esri Geodatabase Writer
2026-01-21 15:41:25|  10.9|  0.0|INFORM|Esri Geodatabase Writer: Creating feature type `route_with_cost_stats'
2026-01-21 15:41:28|  11.6|  0.7|INFORM|Esri Geodatabase Writer: The field 'OBJECTID' in feature type 'route_with_cost_stats' will not be updated since it is not editable
2026-01-21 15:41:28|  11.6|  0.0|INFORM|Esri Geodatabase Writer: The field 'SHAPE_Length' in feature type 'route_with_cost_stats' will not be updated since it is not editable
2026-01-21 15:41:28|  11.6|  0.0|STATS |GeodatabaseRelationshipFeaturesPipeline::GeodatabaseRelationshipFeatures (SortFactory): Finished sorting a total of 0 features.
2026-01-21 15:41:28|  11.6|  0.0|INFORM|Transaction #1 (final transaction) was successfully committed
2026-01-21 15:41:28|  11.7|  0.1|INFORM|Closing the Esri Geodatabase writer
2026-01-21 15:41:28|  11.7|  0.0|INFORM|=-=-=-=-=-=-=-=-=-=-=-=-=-=-=-=-=-=-=-=-=-=-=-=-=-=-=-=-=-=-=-=-=-=-=-=-=-=-=-
2026-01-21 15:41:28|  11.7|  0.0|INFORM|Feature output statistics for `GEODATABASE_FILE' writer using keyword `GEODATABASE_FILE_1':
2026-01-21 15:41:28|  11.7|  0.0|STATS |=-=-=-=-=-=-=-=-=-=-=-=-=-=-=-=-=-=-=-=-=-=-=-=-=-=-=-=-=-=-=-=-=-=-=-=-=-=-=-
2026-01-21 15:41:28|  11.7|  0.0|STATS |                           Features Written Summary
2026-01-21 15:41:28|  11.7|  0.0|STATS |=-=-=-=-=-=-=-=-=-=-=-=-=-=-=-=-=-=-=-=-=-=-=-=-=-=-=-=-=-=-=-=-=-=-=-=-=-=-=-
2026-01-21 15:41:28|  11.7|  0.0|STATS |route_with_cost_stats                                                        2
2026-01-21 15:41:28|  11.7|  0.0|STATS |==============================================================================
2026-01-21 15:41:28|  11.7|  0.0|STATS |Total Features Written                                                       2
2026-01-21 15:41:28|  11.7|  0.0|STATS |=-=-=-=-=-=-=-=-=-=-=-=-=-=-=-=-=-=-=-=-=-=-=-=-=-=-=-=-=-=-=-=-=-=-=-=-=-=-=-
2026-01-21 15:41:28|  11.7|  0.0|INFORM|MULTI_WRITER: multi_writer_id `2': done writing 2 feature(s) 
2026-01-21 15:41:28|  11.7|  0.0|INFORM|^^^^^^^^^^^^^^^^^^^^^^^^^^^^^^^^^^^^^^^^^^^^^^^^^^^^^^^^^^^^^^^^^^^^^^^^^^^^^^
2026-01-21 15:41:28|  11.7|  0.0|INFORM|MULTI_WRITER: multi_writer_id `3': Started outputting features
2026-01-21 15:41:28|  11.7|  0.0|INFORM|Creating writer for format: Esri Geodatabase (File Geodb)
2026-01-21 15:41:28|  11.7|  0.0|INFORM|Trying to find a DYNAMIC plugin for writer named `GEODATABASE_FILE'
2026-01-21 15:41:28|  11.7|  0.0|INFORM|FME Configuration: No destination coordinate system set
2026-01-21 15:41:28|  11.7|  0.0|INFORM|Writer `GEODATABASE_FILE_2' of type `GEODATABASE_FILE' using group definition keyword `GEODATABASE_FILE_2_DEF'
2026-01-21 15:41:28|  11.7|  0.0|INFORM|An ArcGIS license is already checked out. The product checked out is 'Advanced'
2026-01-21 15:41:28|  11.7|  0.0|INFORM|Installed ArcGIS version is '3.3.0'
2026-01-21 15:41:28|  11.9|  0.2|INFORM|Created and connected to the ArcGIS 10.0 File Geodatabase at 'route_no_cost_stats.gdb'
2026-01-21 15:41:28|  11.9|  0.0|INFORM|Fast deletes enabled
2026-01-21 15:41:28|  11.9|  0.0|INFORM|The 'HAS_Z_VALUES' keyword is set to 'AUTO_DETECT'. With the exception of MultiPatch feature classes, the dimensionality of new feature classes will be based on the first feature written to the feature class. (Features with no geometry are considered 2D)
2026-01-21 15:41:28|  11.9|  0.0|INFORM|A default z-value of '0' will be used for all 3D features where z-values are not provided
2026-01-21 15:41:28|  11.9|  0.0|INFORM|Esri Geodatabase Writer: Not simplifying geometries being written
2026-01-21 15:41:28|  11.9|  0.0|INFORM|Transactions are being used by the Esri Geodatabase Writer
2026-01-21 15:41:28|  12.0|  0.1|INFORM|Esri Geodatabase Writer: Creating feature type `route_no_cost_stats'
2026-01-21 15:41:29|  12.3|  0.3|INFORM|Esri Geodatabase Writer: The field 'OBJECTID' in feature type 'route_no_cost_stats' will not be updated since it is not editable
2026-01-21 15:41:29|  12.3|  0.0|INFORM|Esri Geodatabase Writer: The field 'SHAPE_Length' in feature type 'route_no_cost_stats' will not be updated since it is not editable
2026-01-21 15:41:29|  12.3|  0.0|STATS |GeodatabaseRelationshipFeaturesPipeline::GeodatabaseRelationshipFeatures (SortFactory): Finished sorting a total of 0 features.
2026-01-21 15:41:29|  12.3|  0.0|INFORM|Transaction #1 (final transaction) was successfully committed
2026-01-21 15:41:29|  12.4|  0.1|INFORM|Closing the Esri Geodatabase writer
2026-01-21 15:41:29|  12.4|  0.0|INFORM|=-=-=-=-=-=-=-=-=-=-=-=-=-=-=-=-=-=-=-=-=-=-=-=-=-=-=-=-=-=-=-=-=-=-=-=-=-=-=-
2026-01-21 15:41:29|  12.4|  0.0|INFORM|Feature output statistics for `GEODATABASE_FILE' writer using keyword `GEODATABASE_FILE_2':
2026-01-21 15:41:29|  12.4|  0.0|STATS |=-=-=-=-=-=-=-=-=-=-=-=-=-=-=-=-=-=-=-=-=-=-=-=-=-=-=-=-=-=-=-=-=-=-=-=-=-=-=-
2026-01-21 15:41:29|  12.4|  0.0|STATS |                           Features Written Summary
2026-01-21 15:41:29|  12.4|  0.0|STATS |=-=-=-=-=-=-=-=-=-=-=-=-=-=-=-=-=-=-=-=-=-=-=-=-=-=-=-=-=-=-=-=-=-=-=-=-=-=-=-
2026-01-21 15:41:29|  12.4|  0.0|STATS |route_no_cost_stats                                                          2
2026-01-21 15:41:29|  12.4|  0.0|STATS |==============================================================================
2026-01-21 15:41:29|  12.4|  0.0|STATS |Total Features Written                                                       2
2026-01-21 15:41:29|  12.4|  0.0|STATS |=-=-=-=-=-=-=-=-=-=-=-=-=-=-=-=-=-=-=-=-=-=-=-=-=-=-=-=-=-=-=-=-=-=-=-=-=-=-=-
2026-01-21 15:41:29|  12.4|  0.0|INFORM|MULTI_WRITER: multi_writer_id `3': done writing 2 feature(s) 
2026-01-21 15:41:29|  12.4|  0.0|INFORM|^^^^^^^^^^^^^^^^^^^^^^^^^^^^^^^^^^^^^^^^^^^^^^^^^^^^^^^^^^^^^^^^^^^^^^^^^^^^^^
2026-01-21 15:41:29|  12.4|  0.0|STATS |=-=-=-=-=-=-=-=-=-=-=-=-=-=-=-=-=-=-=-=-=-=-=-=-=-=-=-=-=-=-=-=-=-=-=-=-=-=-=-
2026-01-21 15:41:29|  12.4|  0.0|STATS |                            Features Read Summary
2026-01-21 15:41:29|  12.4|  0.0|STATS |=-=-=-=-=-=-=-=-=-=-=-=-=-=-=-=-=-=-=-=-=-=-=-=-=-=-=-=-=-=-=-=-=-=-=-=-=-=-=-
2026-01-21 15:41:29|  12.4|  0.0|STATS |==============================================================================
2026-01-21 15:41:29|  12.4|  0.0|STATS |Total Features Read                                                          0
2026-01-21 15:41:29|  12.4|  0.0|STATS |=-=-=-=-=-=-=-=-=-=-=-=-=-=-=-=-=-=-=-=-=-=-=-=-=-=-=-=-=-=-=-=-=-=-=-=-=-=-=-
2026-01-21 15:41:29|  12.4|  0.0|STATS |=-=-=-=-=-=-=-=-=-=-=-=-=-=-=-=-=-=-=-=-=-=-=-=-=-=-=-=-=-=-=-=-=-=-=-=-=-=-=-
2026-01-21 15:41:29|  12.4|  0.0|STATS |                           Features Written Summary
2026-01-21 15:41:29|  12.4|  0.0|STATS |=-=-=-=-=-=-=-=-=-=-=-=-=-=-=-=-=-=-=-=-=-=-=-=-=-=-=-=-=-=-=-=-=-=-=-=-=-=-=-
2026-01-21 15:41:29|  12.4|  0.0|STATS |poi_cost                                                                    71
2026-01-21 15:41:29|  12.4|  0.0|STATS |poi_no_cost                                                                 39
2026-01-21 15:41:29|  12.4|  0.0|STATS |route_no_cost_stats                                                          2
2026-01-21 15:41:29|  12.4|  0.0|STATS |route_with_cost_stats                                                        2
2026-01-21 15:41:29|  12.4|  0.0|STATS |==============================================================================
2026-01-21 15:41:29|  12.4|  0.0|STATS |Total Features Written                                                     114
2026-01-21 15:41:29|  12.4|  0.0|STATS |=-=-=-=-=-=-=-=-=-=-=-=-=-=-=-=-=-=-=-=-=-=-=-=-=-=-=-=-=-=-=-=-=-=-=-=-=-=-=-
2026-01-21 15:41:29|  12.4|  0.0|WARN  |-~-~-~-~-~-~-~-~-~-~-~-~-~-~-~-~-~-~-~-~-~-~-~-~-~-~-~-~-~-~-~-~-~-~-~-~-~-~-~-~-
2026-01-21 15:41:29|  12.4|  0.0|WARN  |-~                                                                             ~-
2026-01-21 15:41:29|  12.4|  0.0|WARN  |-~      Data caches have been recorded at every stage of the translation.      ~-
2026-01-21 15:41:29|  12.4|  0.0|WARN  |-~                      To inspect the recorded features,                      ~-
2026-01-21 15:41:29|  12.4|  0.0|WARN  |-~                click the data cache icons next to the ports.                ~-
2026-01-21 15:41:29|  12.4|  0.0|WARN  |-~                                                                             ~-
2026-01-21 15:41:29|  12.4|  0.0|WARN  |-~-~-~-~-~-~-~-~-~-~-~-~-~-~-~-~-~-~-~-~-~-~-~-~-~-~-~-~-~-~-~-~-~-~-~-~-~-~-~-~-
2026-01-21 15:41:29|  12.4|  0.0|INFORM|Translation was SUCCESSFUL with 7 warning(s) (114 feature(s) output)
2026-01-21 15:41:29|  12.4|  0.0|INFORM|FME Session Duration: 27.7 seconds. (CPU: 7.4s user, 5.0s system)
2026-01-21 15:41:29|  12.4|  0.0|INFORM|END - ProcessID: 53720, peak process memory usage: 239544 kB, current process memory usage: 223244 kB
